###############################################################################
#
# IAR ELF Linker V8.11.3.13950/W32 for ARM                15/Aug/2019  17:58:15
# Copyright 2007-2017 IAR Systems AB.
#
#    Output file  =  C:\ECE 474 UW\LAB2\Debug\Exe\Lab2.out
#    Map file     =  C:\ECE 474 UW\LAB2\Debug\List\Lab2.map
#    Command line =  
#        -f C:\Users\Jordan\AppData\Local\Temp\EW4CFC.tmp ("C:\ECE 474
#        UW\LAB2\Debug\Obj\cstartup_M.o" "C:\ECE 474
#        UW\LAB2\Debug\Obj\functions.o" "C:\ECE 474 UW\LAB2\Debug\Obj\lab3p1.o"
#        "C:\ECE 474 UW\LAB2\Debug\Obj\lab4.o" "C:\ECE 474
#        UW\LAB2\Debug\Obj\lab5.o" "C:\ECE 474 UW\LAB2\Debug\Obj\main.o"
#        "C:\ECE 474 UW\LAB2\Debug\Obj\SSD2119.o" -o "C:\ECE 474
#        UW\LAB2\Debug\Exe\Lab2.out" --redirect _Printf=_PrintfFullNoMb
#        --redirect _Scanf=_ScanfFullNoMb --map "C:\ECE 474
#        UW\LAB2\Debug\List\Lab2.map" --config "C:\Program Files (x86)\IAR
#        Systems\Embedded Workbench
#        8.0\arm\config\linker\TexasInstruments\TM4C123GH6.icf" --semihosting
#        --entry __iar_program_start --vfe --text_out locale)
#
###############################################################################

*******************************************************************************
*** RUNTIME MODEL ATTRIBUTES
***

CppFlavor       = *
__Heap_Handler  = Basic
__SystemLibrary = DLib
__dlib_version  = 6


*******************************************************************************
*** HEAP SELECTION
***

The basic heap was selected because some modules are built with
size limitations (and not runtime checking), and --advanced_heap
was not specified.


*******************************************************************************
*** PLACEMENT SUMMARY
***

"A0":  place at 0x00000000 { ro section .intvec };
"P1":  place in [from 0x00000000 to 0x0003ffff] { ro };
define block CSTACK with size = 4K, alignment = 8 { };
define block HEAP with size = 8K, alignment = 8 { };
"P2":  place in [from 0x20000000 to 0x20007fff] {
          rw, block CSTACK, block HEAP };
initialize by copy { rw };

  Section            Kind        Address    Size  Object
  -------            ----        -------    ----  ------
"A0":                                       0xbc
  .intvec            const    0x00000000    0xbc  cstartup_M.o [1]
                            - 0x000000bc    0xbc

"P1":                                     0x2cde
  .text              ro code  0x000000bc   0xe0e  xprintffull_nomb.o [3]
  .text              ro code  0x00000eca    0x7a  lz77_init_single.o [5]
  .text              ro code  0x00000f44    0x16  strchr.o [5]
  .text              ro code  0x00000f5a     0xa  xsprout.o [3]
  .text              ro code  0x00000f64    0x44  xfail_s.o [3]
  .text              ro code  0x00000fa8    0x36  strlen.o [5]
  .text              ro code  0x00000fde     0x2  cstartup_M.o [1]
  .text              ro code  0x00000fe0    0x58  memchr.o [5]
  .text              ro code  0x00001038    0xee  I64DivMod.o [5]
  .text              ro code  0x00001126     0x2  cstartup_M.o [1]
  .text              ro code  0x00001128   0x1a2  DblMul.o [4]
  .text              ro code  0x000012ca     0x2  cstartup_M.o [1]
  .text              ro code  0x000012cc    0x76  ABImemcpy_unaligned.o [5]
  .text              ro code  0x00001342     0x2  cstartup_M.o [1]
  .text              ro code  0x00001344    0x70  frexp.o [4]
  .text              ro code  0x000013b4    0x2e  DblCmpLe.o [4]
  .text              ro code  0x000013e2     0x2  cstartup_M.o [1]
  .text              ro code  0x000013e4    0x2e  DblCmpGe.o [4]
  .text              ro code  0x00001412     0x2  cstartup_M.o [1]
  .text              ro code  0x00001414   0x13a  ldexp.o [4]
  .text              ro code  0x0000154e     0x2  cstartup_M.o [1]
  .text              ro code  0x00001550    0x3a  DblToS32.o [4]
  .text              ro code  0x0000158a     0x2  cstartup_M.o [1]
  .text              ro code  0x0000158c    0x22  S32ToDbl.o [4]
  .text              ro code  0x000015ae     0x2  cstartup_M.o [1]
  .text              ro code  0x000015b0    0xe2  DblSub.o [4]
  .text              ro code  0x00001692     0x2  cstartup_M.o [1]
  .text              ro code  0x00001694   0x246  DblDiv.o [4]
  .text              ro code  0x000018da     0x2  cstartup_M.o [1]
  .text              ro code  0x000018dc    0x28  DblToU32.o [4]
  .text              ro code  0x00001904    0x1a  U32ToDbl.o [4]
  .text              ro code  0x00001920     0x8  xlocale_c.o [3]
  .text              ro code  0x00001928     0x6  abort.o [3]
  .text              ro code  0x00001930     0x2  I64DivZer.o [5]
  .text              ro code  0x00001934   0x168  DblAdd.o [4]
  .text              ro code  0x00001a9c    0x14  exit.o [6]
  .text              ro code  0x00001ab0    0x2c  iarttio.o [6]
  .text              ro code  0x00001adc     0x8  XShttio.o [3]
  .text              ro code  0x00001ae4   0x860  SSD2119.o [1]
  .text              ro code  0x00002344   0x5bc  lab5.o [1]
  .rodata            const    0x00002900   0x1e0  SSD2119.o [1]
  .text              ro code  0x00002ae0    0x74  lab4.o [1]
  .text              ro code  0x00002b54    0x68  DblToFlt.o [4]
  .text              ro code  0x00002bbc    0x48  FltToDbl.o [4]
  .text              ro code  0x00002c04    0x40  sprintf.o [3]
  .text              ro code  0x00002c44    0x28  data_init.o [5]
  .text              ro code  0x00002c6c    0x22  fpinit_M.o [4]
  .iar.init_table    const    0x00002c90    0x10  - Linker created -
  .text              ro code  0x00002ca0    0x1a  cmain.o [5]
  .text              ro code  0x00002cba     0x4  low_level_init.o [3]
  .text              ro code  0x00002cbe     0xc  main.o [1]
  .text              ro code  0x00002cca     0x4  exit.o [3]
  .text              ro code  0x00002cd0     0xa  cexit.o [5]
  .rodata            const    0x00002cdc    0x10  lab5.o [1]
  .text              ro code  0x00002cec    0x10  cstartup_M.o [1]
  .rodata            const    0x00002cfc     0x8  lab4.o [1]
  .rodata            const    0x00002d04     0x4  xlocale_c.o [3]
  .rodata            const    0x00002d08     0x0  lz77_init_single.o [5]
  Initializer bytes  const    0x00002d08    0x92  <for P2-1>
                            - 0x00002d9a  0x2cde

"P2", part 1 of 2:                         0x32a
  P2-1                        0x20000000   0x32a  <Init block>
    .data            inited   0x20000000     0x4  lab5.o [1]
    .data            inited   0x20000004     0x4  lab5.o [1]
    .data            inited   0x20000008    0x20  lab5.o [1]
    .data            inited   0x20000028   0x2a4  lab5.o [1]
    .data            inited   0x200002cc     0x4  lab5.o [1]
    .data            inited   0x200002d0     0x4  lab5.o [1]
    .data            inited   0x200002d4     0x4  lab5.o [1]
    .data            inited   0x200002d8    0x38  xlocale_c.o [3]
    .data            inited   0x20000310     0x8  XShttio.o [3]
    .bss             inited   0x20000318     0x4  lab5.o [1]
    .bss             inited   0x2000031c     0x4  lab5.o [1]
    .bss             inited   0x20000320     0x4  xfail_s.o [3]
    .bss             inited   0x20000324     0x2  SSD2119.o [1]
    .bss             inited   0x20000326     0x2  SSD2119.o [1]
    .bss             inited   0x20000328     0x2  SSD2119.o [1]
                            - 0x2000032a   0x32a

"P2", part 2 of 2:                        0x1000
  CSTACK                      0x20000330  0x1000  <Block>
    CSTACK           uninit   0x20000330  0x1000  <Block tail>
                            - 0x20001330  0x1000


*******************************************************************************
*** INIT TABLE
***

          Address     Size
          -------     ----
Copy/lz77 (__iar_lz77_init_single3)
    1 source range, total size 0x92 (18% of destination):
          0x00002d08   0x92
    1 destination range, total size 0x32a:
          0x20000000  0x32a



*******************************************************************************
*** MODULE SUMMARY
***

    Module                 ro code  ro data  rw data
    ------                 -------  -------  -------
C:\ECE 474 UW\LAB2\Debug\Obj: [1]
    SSD2119.o                2 144      482        6
    cstartup_M.o                38      188
    lab4.o                     116        8
    lab5.o                   1 468      149      736
    main.o                      12
    ------------------------------------------------
    Total:                   3 778      827      742

command line: [2]
    ------------------------------------------------
    Total:

dl7M_tlf.a: [3]
    XShttio.o                    8        1        8
    abort.o                      6
    exit.o                       4
    low_level_init.o             4
    sprintf.o                   64
    xfail_s.o                   68                 4
    xlocale_c.o                  8       14       56
    xprintffull_nomb.o       3 598
    xsprout.o                   10
    ------------------------------------------------
    Total:                   3 770       15       68

m7M_tls.a: [4]
    DblAdd.o                   360
    DblCmpGe.o                  46
    DblCmpLe.o                  46
    DblDiv.o                   582
    DblMul.o                   418
    DblSub.o                   226
    DblToFlt.o                 104
    DblToS32.o                  58
    DblToU32.o                  40
    FltToDbl.o                  72
    S32ToDbl.o                  34
    U32ToDbl.o                  26
    fpinit_M.o                  34
    frexp.o                    112
    ldexp.o                    314
    ------------------------------------------------
    Total:                   2 472

rt7M_tl.a: [5]
    ABImemcpy_unaligned.o      118
    I64DivMod.o                238
    I64DivZer.o                  2
    cexit.o                     10
    cmain.o                     26
    data_init.o                 40
    lz77_init_single.o         122
    memchr.o                    88
    strchr.o                    22
    strlen.o                    54
    ------------------------------------------------
    Total:                     720

shb_l.a: [6]
    exit.o                      20
    iarttio.o                   44
    ------------------------------------------------
    Total:                      64

    Gaps                         8        4
    Linker created                       16    4 096
----------------------------------------------------
    Grand Total:            10 812      862    4 906


*******************************************************************************
*** ENTRY LIST
***

Entry                      Address   Size  Type      Object
-----                      -------   ----  ----      ------
.iar.init_table$$Base   0x00002c90          --   Gb  - Linker created -
.iar.init_table$$Limit  0x00002ca0          --   Gb  - Linker created -
?main                   0x00002ca1         Code  Gb  cmain.o [5]
ADC0_Handler            0x00002ae1   0x5a  Code  Gb  lab4.o [1]
ASCII                   0x00002900  0x1e0  Data  Lc  SSD2119.o [1]
CSTACK$$Base            0x20000330          --   Gb  - Linker created -
CSTACK$$Limit           0x20001330          --   Gb  - Linker created -
Color6                  0x20000008   0x20  Data  Gb  lab5.o [1]
DrawMaze                0x000027c9   0x5c  Code  Gb  lab5.o [1]
DrawPlayer              0x00002391  0x15c  Code  Gb  lab5.o [1]
ErasePlayer             0x000024ed  0x186  Code  Gb  lab5.o [1]
GameOver                0x2000031c    0x4  Data  Gb  lab5.o [1]
LCD_ColorFill           0x00001df1   0x16  Code  Gb  SSD2119.o [1]
LCD_DrawFilledCircle    0x0000222d  0x104  Code  Gb  SSD2119.o [1]
LCD_DrawFilledRect      0x0000204f   0x60  Code  Gb  SSD2119.o [1]
LCD_DrawFilledTriangle  0x00002167   0xc6  Code  Gb  SSD2119.o [1]
LCD_DrawLine            0x00001f79   0xd6  Code  Gb  SSD2119.o [1]
LCD_DrawPixel           0x00001f45   0x34  Code  Gb  SSD2119.o [1]
LCD_DrawRightTriangle   0x0000210b   0x5c  Code  Gb  SSD2119.o [1]
LCD_DrawTriangle        0x000020af   0x5c  Code  Gb  SSD2119.o [1]
LCD_GPIOInit            0x00001ae5   0x98  Code  Gb  SSD2119.o [1]
LCD_Init                0x00001c2f  0x1a2  Code  Gb  SSD2119.o [1]
LCD_PrintChar           0x00001e11   0xd0  Code  Gb  SSD2119.o [1]
LCD_PrintString         0x00001ee1   0x1c  Code  Gb  SSD2119.o [1]
LCD_SetCursor           0x00001efd    0xe  Code  Gb  SSD2119.o [1]
LCD_SetTextColor        0x00001f0b   0x14  Code  Gb  SSD2119.o [1]
LCD_WriteCommand        0x00001b7d   0x56  Code  Gb  SSD2119.o [1]
LCD_WriteData           0x00001bd3   0x5c  Code  Gb  SSD2119.o [1]
LoadInt                 0x0000025b   0x7a  Code  Lc  xprintffull_nomb.o [3]
MAZE                    0x20000028  0x2a4  Data  Gb  lab5.o [1]
PlayerDirection         0x200002d4    0x4  Data  Gb  lab5.o [1]
PlayerX                 0x200002cc    0x4  Data  Gb  lab5.o [1]
PlayerY                 0x200002d0    0x4  Data  Gb  lab5.o [1]
PortF_Handler           0x00002cc9    0x2  Code  Gb  main.o [1]
PortF_Init5             0x00002345   0x4c  Code  Gb  lab5.o [1]
Region$$Table$$Base     0x00002c90          --   Gb  - Linker created -
Region$$Table$$Limit    0x00002ca0          --   Gb  - Linker created -
_GenldFullNoMb          0x00000bbf  0x27e  Code  Lc  xprintffull_nomb.o [3]
_LdtobFullNoMb          0x000007a3  0x3f0  Code  Lc  xprintffull_nomb.o [3]
_LitobFullNoMb          0x00000647  0x116  Code  Lc  xprintffull_nomb.o [3]
_Locale_lconv           0x200002d8   0x38  Data  Lc  xlocale_c.o [3]
_PrintfFullNoMb         0x000000bd  0x190  Code  Gb  xprintffull_nomb.o [3]
_PutcharsFullNoMb       0x00000e3d   0x2e  Code  Lc  xprintffull_nomb.o [3]
_PutfldFullNoMb         0x000002d5  0x264  Code  Lc  xprintffull_nomb.o [3]
_PuttxtFullNoMb         0x00000539  0x10e  Code  Lc  xprintffull_nomb.o [3]
_SProut                 0x00000f5b    0xa  Code  Gb  xsprout.o [3]
__aeabi_cdcmple         0x000013b5         Code  Gb  DblCmpLe.o [4]
__aeabi_cdrcmple        0x000013e5         Code  Gb  DblCmpGe.o [4]
__aeabi_d2f             0x00002b55         Code  Gb  DblToFlt.o [4]
__aeabi_d2iz            0x00001551         Code  Gb  DblToS32.o [4]
__aeabi_d2uiz           0x000018dd         Code  Gb  DblToU32.o [4]
__aeabi_ddiv            0x00001695         Code  Gb  DblDiv.o [4]
__aeabi_dmul            0x00001129         Code  Gb  DblMul.o [4]
__aeabi_dsub            0x000015b1         Code  Gb  DblSub.o [4]
__aeabi_f2d             0x00002bbd         Code  Gb  FltToDbl.o [4]
__aeabi_i2d             0x0000158d         Code  Gb  S32ToDbl.o [4]
__aeabi_ldiv0           0x00001931         Code  Gb  I64DivZer.o [5]
__aeabi_ui2d            0x00001905         Code  Gb  U32ToDbl.o [4]
__aeabi_uldivmod        0x00001039         Code  Gb  I64DivMod.o [5]
__cmain                 0x00002ca1         Code  Gb  cmain.o [5]
__exit                  0x00001a9d   0x14  Code  Gb  exit.o [6]
__iar_Fail_s            0x00000f65   0x1e  Code  Gb  xfail_s.o [3]
__iar_Memchr            0x00000fe1         Code  Gb  memchr.o [5]
__iar_Strchr            0x00000f45         Code  Gb  strchr.o [5]
__iar_close_ttio        0x00001ab1   0x2c  Code  Gb  iarttio.o [6]
__iar_dadd              0x000015c1         Code  Gb  DblSub.o [4]
__iar_data_init3        0x00002c45   0x28  Code  Gb  data_init.o [5]
__iar_dsub              0x00001935         Code  Gb  DblAdd.o [4]
__iar_dsubStart         0x00001947         Code  Gb  DblAdd.o [4]
__iar_frexp             0x00001351         Code  Gb  frexp.o [4]
__iar_frexpl            0x00001351         Code  Gb  frexp.o [4]
__iar_init_vfp          0x00002c6d         Code  Gb  fpinit_M.o [4]
__iar_ldexp64           0x00001415         Code  Gb  ldexp.o [4]
__iar_lookup_ttioh      0x00001add    0x8  Code  Gb  XShttio.o [3]
__iar_lz77_init_single3
                        0x00000ecb   0x7a  Code  Gb  lz77_init_single.o [5]
__iar_program_start     0x00002ced   0x10  Code  Gb  cstartup_M.o [1]
__iar_scalbln64         0x00001415         Code  Gb  ldexp.o [4]
__iar_scalbn64          0x00001415         Code  Gb  ldexp.o [4]
__iar_softfp___iar_frexp64
                        0x00001345         Code  Gb  frexp.o [4]
__iar_softfp_frexp      0x00001345         Code  Gb  frexp.o [4]
__iar_softfp_frexpl     0x00001345         Code  Gb  frexp.o [4]
__iar_systems$$module {Abs}
                        0x00000001         Data  Gb  command line/config [2]
__iar_ttio_handles      0x20000310    0x8  Data  Lc  XShttio.o [3]
__iar_unaligned_memcpy  0x000012cd         Code  Gb  ABImemcpy_unaligned.o [5]
__iar_unaligned_memcpy4
                        0x000012ed         Code  Gb  ABImemcpy_unaligned.o [5]
__iar_unaligned_memcpy8
                        0x000012ed         Code  Gb  ABImemcpy_unaligned.o [5]
__low_level_init        0x00002cbb    0x4  Code  Gb  low_level_init.o [3]
__vector_table          0x00000000   0xbc  Data  Gb  cstartup_M.o [1]
_call_main              0x00002cad         Code  Gb  cmain.o [5]
_exit                   0x00002cd1         Code  Gb  cexit.o [5]
_main                   0x00002cb7         Code  Gb  cmain.o [5]
abort                   0x00001929    0x6  Code  Gb  abort.o [3]
abs                     0x00001e07    0xa  Code  Gb  SSD2119.o [1]
bx                      0x20000000    0x4  Data  Gb  lab5.o [1]
by                      0x20000004    0x4  Data  Gb  lab5.o [1]
checkBadDirection       0x00002673   0x90  Code  Gb  lab5.o [1]
convertColor            0x00001dd1   0x20  Code  Gb  SSD2119.o [1]
cursorX                 0x20000324    0x2  Data  Gb  SSD2119.o [1]
cursorY                 0x20000326    0x2  Data  Gb  SSD2119.o [1]
exit                    0x00002ccb    0x4  Code  Gb  exit.o [3]
freeze                  0x20000318    0x4  Data  Gb  lab5.o [1]
lab5                    0x00002825   0x92  Code  Gb  lab5.o [1]
ldexp                   0x00001415         Code  Gb  ldexp.o [4]
ldexpl                  0x00001415         Code  Gb  ldexp.o [4]
localeconv              0x00001921    0x4  Code  Gb  xlocale_c.o [3]
main                    0x00002cbf    0xa  Code  Gb  main.o [1]
memchr                  0x00000fe1         Code  Gb  memchr.o [5]
movePlayer              0x00002763   0x66  Code  Gb  lab5.o [1]
rotatePlayer            0x00002703   0x60  Code  Gb  lab5.o [1]
scalbln                 0x00001415         Code  Gb  ldexp.o [4]
scalblnl                0x00001415         Code  Gb  ldexp.o [4]
scalbn                  0x00001415         Code  Gb  ldexp.o [4]
scalbnl                 0x00001415         Code  Gb  ldexp.o [4]
scale                   0x0000075d   0x46  Code  Lc  xprintffull_nomb.o [3]
sec_hand                0x20000320    0x4  Data  Lc  xfail_s.o [3]
sprintf                 0x00002c05   0x40  Code  Gb  sprintf.o [3]
strchr                  0x00000f45         Code  Gb  strchr.o [5]
strlen                  0x00000fa9         Code  Gb  strlen.o [5]
textColor               0x20000328    0x2  Data  Gb  SSD2119.o [1]


[1] = C:\ECE 474 UW\LAB2\Debug\Obj
[2] = command line
[3] = dl7M_tlf.a
[4] = m7M_tls.a
[5] = rt7M_tl.a
[6] = shb_l.a

  10 812 bytes of readonly  code memory
     862 bytes of readonly  data memory
   4 906 bytes of readwrite data memory

Errors: none
Warnings: none
